[    0.000000] Initializing cgroup subsys cpuset
[    0.000000] Initializing cgroup subsys cpu
[    0.000000] Initializing cgroup subsys cpuacct
[    0.000000] Linux version 4.4.0-145-generic (buildd@lcy01-amd64-027) (gcc version 5.4.0 20160609 (Ubuntu 5.4.0-6ubuntu1~16.04.10) ) #171-Ubuntu SMP Tue Mar 26 12:43:40 UTC 2019 (Ubuntu 4.4.0-145.171-generic 4.4.176)
[    0.000000] Command line: BOOT_IMAGE=/boot/vmlinuz-4.4.0-145-generic root=UUID=e47f8f7b-2221-4dcb-92d5-5a30ecb5f0c4 ro console=tty1 console=ttyS0
[    0.000000] KERNEL supported cpus:
[    0.000000]   Intel GenuineIntel
[    0.000000]   AMD AuthenticAMD
[    0.000000]   Centaur CentaurHauls
[    0.000000] x86/fpu: xstate_offset[2]:  576, xstate_sizes[2]:  256
[    0.000000] x86/fpu: Supporting XSAVE feature 0x01: 'x87 floating point registers'
[    0.000000] x86/fpu: Supporting XSAVE feature 0x02: 'SSE registers'
[    0.000000] x86/fpu: Supporting XSAVE feature 0x04: 'AVX registers'
[    0.000000] x86/fpu: Enabled xstate features 0x7, context size is 832 bytes, using 'standard' format.
[    0.000000] e820: BIOS-provided physical RAM map:
[    0.000000] BIOS-e820: [mem 0x0000000000000000-0x000000000009fbff] usable
[    0.000000] BIOS-e820: [mem 0x000000000009fc00-0x000000000009ffff] reserved
[    0.000000] BIOS-e820: [mem 0x00000000000f0000-0x00000000000fffff] reserved
[    0.000000] BIOS-e820: [mem 0x0000000000100000-0x000000003ffeffff] usable
[    0.000000] BIOS-e820: [mem 0x000000003fff0000-0x000000003fffffff] ACPI data
[    0.000000] BIOS-e820: [mem 0x00000000fec00000-0x00000000fec00fff] reserved
[    0.000000] BIOS-e820: [mem 0x00000000fee00000-0x00000000fee00fff] reserved
[    0.000000] BIOS-e820: [mem 0x00000000fffc0000-0x00000000ffffffff] reserved
[    0.000000] NX (Execute Disable) protection: active
[    0.000000] SMBIOS 2.5 present.
[    0.000000] Hypervisor detected: KVM
[    0.000000] e820: last_pfn = 0x3fff0 max_arch_pfn = 0x400000000
[    0.000000] MTRR: Disabled
[    0.000000] x86/PAT: MTRRs disabled, skipping PAT initialization too.
[    0.000000] CPU MTRRs all blank - virtualized system.
[    0.000000] x86/PAT: Configuration [0-7]: WB  WT  UC- UC  WB  WT  UC- UC  
[    0.000000] found SMP MP-table at [mem 0x0009fff0-0x0009ffff] mapped at [ffff88000009fff0]
[    0.000000] Scanning 1 areas for low memory corruption
[    0.000000] RAMDISK: [mem 0x361ee000-0x370eefff]
[    0.000000] ACPI: Early table checksum verification disabled
[    0.000000] ACPI: RSDP 0x00000000000E0000 000024 (v02 VBOX  )
[    0.000000] ACPI: XSDT 0x000000003FFF0030 00003C (v01 VBOX   VBOXXSDT 00000001 ASL  00000061)
[    0.000000] ACPI: FACP 0x000000003FFF00F0 0000F4 (v04 VBOX   VBOXFACP 00000001 ASL  00000061)
[    0.000000] ACPI: DSDT 0x000000003FFF0470 0022EA (v02 VBOX   VBOXBIOS 00000002 INTL 20100528)
[    0.000000] ACPI: FACS 0x000000003FFF0200 000040
[    0.000000] ACPI: FACS 0x000000003FFF0200 000040
[    0.000000] ACPI: APIC 0x000000003FFF0240 00005C (v02 VBOX   VBOXAPIC 00000001 ASL  00000061)
[    0.000000] ACPI: SSDT 0x000000003FFF02A0 0001CC (v01 VBOX   VBOXCPUT 00000002 INTL 20100528)
[    0.000000] No NUMA configuration found
[    0.000000] Faking a node at [mem 0x0000000000000000-0x000000003ffeffff]
[    0.000000] NODE_DATA(0) allocated [mem 0x3ffeb000-0x3ffeffff]
[    0.000000] kvm-clock: Using msrs 4b564d01 and 4b564d00
[    0.000000] kvm-clock: cpu 0, msr 0:3ffe3001, primary cpu clock
[    0.000000] kvm-clock: using sched offset of 7759799825 cycles
[    0.000000] clocksource: kvm-clock: mask: 0xffffffffffffffff max_cycles: 0x1cd42e4dffb, max_idle_ns: 881590591483 ns
[    0.000000] Zone ranges:
[    0.000000]   DMA      [mem 0x0000000000001000-0x0000000000ffffff]
[    0.000000]   DMA32    [mem 0x0000000001000000-0x000000003ffeffff]
[    0.000000]   Normal   empty
[    0.000000]   Device   empty
[    0.000000] Movable zone start for each node
[    0.000000] Early memory node ranges
[    0.000000]   node   0: [mem 0x0000000000001000-0x000000000009efff]
[    0.000000]   node   0: [mem 0x0000000000100000-0x000000003ffeffff]
[    0.000000] Initmem setup node 0 [mem 0x0000000000001000-0x000000003ffeffff]
[    0.000000] ACPI: PM-Timer IO Port: 0x4008
[    0.000000] IOAPIC[0]: apic_id 2, version 32, address 0xfec00000, GSI 0-23
[    0.000000] ACPI: INT_SRC_OVR (bus 0 bus_irq 0 global_irq 2 dfl dfl)
[    0.000000] ACPI: INT_SRC_OVR (bus 0 bus_irq 9 global_irq 9 low level)
[    0.000000] Using ACPI (MADT) for SMP configuration information
[    0.000000] smpboot: Allowing 2 CPUs, 0 hotplug CPUs
[    0.000000] PM: Registered nosave memory: [mem 0x00000000-0x00000fff]
[    0.000000] PM: Registered nosave memory: [mem 0x0009f000-0x0009ffff]
[    0.000000] PM: Registered nosave memory: [mem 0x000a0000-0x000effff]
[    0.000000] PM: Registered nosave memory: [mem 0x000f0000-0x000fffff]
[    0.000000] e820: [mem 0x40000000-0xfebfffff] available for PCI devices
[    0.000000] Booting paravirtualized kernel on KVM
[    0.000000] clocksource: refined-jiffies: mask: 0xffffffff max_cycles: 0xffffffff, max_idle_ns: 7645519600211568 ns
[    0.000000] setup_percpu: NR_CPUS:512 nr_cpumask_bits:512 nr_cpu_ids:2 nr_node_ids:1
[    0.000000] PERCPU: Embedded 34 pages/cpu @ffff88003fc00000 s99480 r8192 d31592 u1048576
[    0.000000] Built 1 zonelists in Node order, mobility grouping on.  Total pages: 257912
[    0.000000] Policy zone: DMA32
[    0.000000] Kernel command line: BOOT_IMAGE=/boot/vmlinuz-4.4.0-145-generic root=UUID=e47f8f7b-2221-4dcb-92d5-5a30ecb5f0c4 ro console=tty1 console=ttyS0
[    0.000000] PID hash table entries: 4096 (order: 3, 32768 bytes)
[    0.000000] Memory: 997196K/1048120K available (8608K kernel code, 1333K rwdata, 4008K rodata, 1484K init, 1284K bss, 50924K reserved, 0K cma-reserved)
[    0.000000] SLUB: HWalign=64, Order=0-3, MinObjects=0, CPUs=2, Nodes=1
[    0.000000] Kernel/User page tables isolation: enabled
[    0.000000] Hierarchical RCU implementation.
[    0.000000] 	Build-time adjustment of leaf fanout to 64.
[    0.000000] 	RCU restricting CPUs from NR_CPUS=512 to nr_cpu_ids=2.
[    0.000000] RCU: Adjusting geometry for rcu_fanout_leaf=64, nr_cpu_ids=2
[    0.000000] NR_IRQS:33024 nr_irqs:440 16
[    0.000000] Console: colour VGA+ 80x25
[    0.000000] console [tty1] enabled
[    0.000000] console [ttyS0] enabled
[    0.000000] tsc: Detected 1799.999 MHz processor
[    0.247451] Calibrating delay loop (skipped) preset value.. 3599.99 BogoMIPS (lpj=7199996)
[    0.250457] pid_max: default: 32768 minimum: 301
[    0.251903] ACPI: Core revision 20150930
[    0.255984] ACPI: 2 ACPI AML tables successfully acquired and loaded
[    0.258189] Security Framework initialized
[    0.259607] Yama: becoming mindful.
[    0.260886] AppArmor: AppArmor initialized
[    0.262418] Dentry cache hash table entries: 131072 (order: 8, 1048576 bytes)
[    0.268391] Inode-cache hash table entries: 65536 (order: 7, 524288 bytes)
[    0.270524] Mount-cache hash table entries: 2048 (order: 2, 16384 bytes)
[    0.272438] Mountpoint-cache hash table entries: 2048 (order: 2, 16384 bytes)
[    0.274715] Initializing cgroup subsys io
[    0.276037] Initializing cgroup subsys memory
[    0.277518] Initializing cgroup subsys devices
[    0.279051] Initializing cgroup subsys freezer
[    0.280595] Initializing cgroup subsys net_cls
[    0.282522] Initializing cgroup subsys perf_event
[    0.284470] Initializing cgroup subsys net_prio
[    0.286174] Initializing cgroup subsys hugetlb
[    0.287663] Initializing cgroup subsys pids
[    0.291081] mce: CPU supports 0 MCE banks
[    0.293306] Last level iTLB entries: 4KB 64, 2MB 8, 4MB 8
[    0.295867] Last level dTLB entries: 4KB 64, 2MB 0, 4MB 0, 1GB 4
[    0.298576] Spectre V2 : Mitigation: Full generic retpoline
[    0.300167] Spectre V2 : Spectre v2 / SpectreRSB mitigation: Filling RSB on context switch
[    0.303009] Speculative Store Bypass: Vulnerable
[    0.309963] Freeing SMP alternatives memory: 36K
[    0.327237] ftrace: allocating 32283 entries in 127 pages
[    0.425306] smpboot: APIC(0) Converting physical 0 to logical package 0
[    0.427260] smpboot: Max logical packages: 1
[    0.429078] x2apic enabled
[    0.430606] Switched APIC routing to physical x2apic.
[    0.434131] ..TIMER: vector=0x30 apic1=0 pin1=2 apic2=-1 pin2=-1
[    0.541887] smpboot: CPU0: Intel(R) Core(TM) i5-8250U CPU @ 1.60GHz (family: 0x6, model: 0x8e, stepping: 0xa)
[    0.546286] Performance Events: unsupported p6 CPU model 142 no PMU driver, software events only.
[    0.562705] KVM setup paravirtual spinlock
[    0.565077] x86: Booting SMP configuration:
[    0.566534] .... node  #0, CPUs:      #1
[    0.568025] kvm-clock: cpu 1, msr 0:3ffe3041, secondary cpu clock
[    0.572136] mce: CPU supports 0 MCE banks
[    0.575513] x86: Booted up 1 node, 2 CPUs
[    0.577209] smpboot: Total of 2 processors activated (7199.99 BogoMIPS)
[    0.579714] devtmpfs: initialized
[    0.583861] evm: security.selinux
[    0.585110] evm: security.SMACK64
[    0.586274] evm: security.SMACK64EXEC
[    0.587522] evm: security.SMACK64TRANSMUTE
[    0.588847] evm: security.SMACK64MMAP
[    0.590105] evm: security.ima
[    0.591212] evm: security.capability
[    0.592740] clocksource: jiffies: mask: 0xffffffff max_cycles: 0xffffffff, max_idle_ns: 7645041785100000 ns
[    0.595584] futex hash table entries: 512 (order: 3, 32768 bytes)
[    0.597545] pinctrl core: initialized pinctrl subsystem
[    0.599220] RTC time:  6:54:24, date: 04/19/19
[    0.600765] NET: Registered protocol family 16
[    0.614545] cpuidle: using governor ladder
[    0.626251] cpuidle: using governor menu
[    0.627627] PCCT header not found.
[    0.628999] ACPI: bus type PCI registered
[    0.630326] acpiphp: ACPI Hot Plug PCI Controller Driver version: 0.5
[    0.632295] PCI: Using configuration type 1 for base access
[    0.648143] ACPI: Added _OSI(Module Device)
[    0.649566] ACPI: Added _OSI(Processor Device)
[    0.651365] ACPI: Added _OSI(3.0 _SCP Extensions)
[    0.653030] ACPI: Added _OSI(Processor Aggregator Device)
[    0.655779] ACPI: Executed 1 blocks of module-level executable AML code
[    0.661496] ACPI: Interpreter enabled
[    0.662896] ACPI: (supports S0 S5)
[    0.664278] ACPI: Using IOAPIC for interrupt routing
[    0.666118] PCI: Using host bridge windows from ACPI; if necessary, use "pci=nocrs" and report a bug
[    0.674469] ACPI: PCI Root Bridge [PCI0] (domain 0000 [bus 00-ff])
[    0.676443] acpi PNP0A03:00: _OSC: OS supports [ASPM ClockPM Segments MSI]
[    0.679119] acpi PNP0A03:00: _OSC: not requesting OS control; OS requires [ExtendedConfig ASPM ClockPM MSI]
[    0.682373] acpi PNP0A03:00: fail to add MMCONFIG information, can't access extended PCI configuration space under this bridge.
[    0.686523] PCI host bridge to bus 0000:00
[    0.688534] pci_bus 0000:00: root bus resource [io  0x0000-0x0cf7 window]
[    0.690662] pci_bus 0000:00: root bus resource [io  0x0d00-0xffff window]
[    0.692931] pci_bus 0000:00: root bus resource [mem 0x000a0000-0x000bffff window]
[    0.695532] pci_bus 0000:00: root bus resource [mem 0x40000000-0xfdffffff window]
[    0.698181] pci_bus 0000:00: root bus resource [bus 00-ff]
[    0.702436] pci 0000:00:01.1: legacy IDE quirk: reg 0x10: [io  0x01f0-0x01f7]
[    0.704780] pci 0000:00:01.1: legacy IDE quirk: reg 0x14: [io  0x03f6]
[    0.706824] pci 0000:00:01.1: legacy IDE quirk: reg 0x18: [io  0x0170-0x0177]
[    0.709267] pci 0000:00:01.1: legacy IDE quirk: reg 0x1c: [io  0x0376]
[    0.727633] pci 0000:00:07.0: quirk: [io  0x4000-0x403f] claimed by PIIX4 ACPI
[    0.729957] pci 0000:00:07.0: quirk: [io  0x4100-0x410f] claimed by PIIX4 SMB
[    0.760005] ACPI: PCI Interrupt Link [LNKA] (IRQs 5 9 10 *11)
[    0.762869] ACPI: PCI Interrupt Link [LNKB] (IRQs 5 9 *10 11)
[    0.765610] ACPI: PCI Interrupt Link [LNKC] (IRQs 5 *9 10 11)
[    0.768212] ACPI: PCI Interrupt Link [LNKD] (IRQs 5 9 10 *11)
[    0.770947] ACPI: Enabled 2 GPEs in block 00 to 07
[    0.773368] vgaarb: setting as boot device: PCI:0000:00:02.0
[    0.775151] vgaarb: device added: PCI:0000:00:02.0,decodes=io+mem,owns=io+mem,locks=none
[    0.777815] vgaarb: loaded
[    0.778956] vgaarb: bridge control possible 0000:00:02.0
[    0.780881] SCSI subsystem initialized
[    0.782398] ACPI: bus type USB registered
[    0.783787] usbcore: registered new interface driver usbfs
[    0.785346] usbcore: registered new interface driver hub
[    0.786894] usbcore: registered new device driver usb
[    0.788773] PCI: Using ACPI for IRQ routing
[    0.790497] NetLabel: Initializing
[    0.792121] NetLabel:  domain hash size = 128
[    0.793856] NetLabel:  protocols = UNLABELED CIPSOv4
[    0.800622] NetLabel:  unlabeled traffic allowed by default
[    0.802520] amd_nb: Cannot enumerate AMD northbridges
[    0.804291] clocksource: Switched to clocksource kvm-clock
[    0.818436] AppArmor: AppArmor Filesystem Enabled
[    0.820237] pnp: PnP ACPI init
[    0.822523] pnp: PnP ACPI: found 3 devices
[    0.836710] clocksource: acpi_pm: mask: 0xffffff max_cycles: 0xffffff, max_idle_ns: 2085701024 ns
[    0.839383] NET: Registered protocol family 2
[    0.840843] TCP established hash table entries: 8192 (order: 4, 65536 bytes)
[    0.843135] TCP bind hash table entries: 8192 (order: 5, 131072 bytes)
[    0.845206] TCP: Hash tables configured (established 8192 bind 8192)
[    0.847181] UDP hash table entries: 512 (order: 2, 16384 bytes)
[    0.849155] UDP-Lite hash table entries: 512 (order: 2, 16384 bytes)
[    0.851205] NET: Registered protocol family 1
[    0.852696] pci 0000:00:00.0: Limiting direct PCI/PCI transfers
[    0.854662] pci 0000:00:01.0: Activating ISA DMA hang workarounds
[    0.856819] Unpacking initramfs...
[    1.214365] Freeing initrd memory: 15364K
[    1.216691] platform rtc_cmos: registered platform RTC device (no PNP device found)
[    1.220442] Scanning for low memory corruption every 60 seconds
[    1.223075] audit: initializing netlink subsys (disabled)
[    1.225582] audit: type=2000 audit(1555656874.112:1): initialized
[    1.227865] Initialise system trusted keyring
[    1.229698] HugeTLB registered 2 MB page size, pre-allocated 0 pages
[    1.234352] zbud: loaded
[    1.236282] VFS: Disk quotas dquot_6.6.0
[    1.238355] VFS: Dquot-cache hash table entries: 512 (order 0, 4096 bytes)
[    1.241873] squashfs: version 4.0 (2009/01/31) Phillip Lougher
[    1.243927] fuse init (API version 7.23)
[    1.245397] Key type big_key registered
[    1.246650] Allocating IMA MOK and blacklist keyrings.
[    1.251047] Key type asymmetric registered
[    1.252529] Asymmetric key parser 'x509' registered
[    1.254302] Block layer SCSI generic (bsg) driver version 0.4 loaded (major 249)
[    1.257511] io scheduler noop registered
[    1.258940] io scheduler deadline registered (default)
[    1.260630] io scheduler cfq registered
[    1.262249] pci_hotplug: PCI Hot Plug PCI Core version: 0.5
[    1.264612] pciehp: PCI Express Hot Plug Controller Driver version: 0.4
[    1.267767] ACPI: AC Adapter [AC] (on-line)
[    1.269914] input: Power Button as /devices/LNXSYSTM:00/LNXPWRBN:00/input/input0
[    1.273422] ACPI: Power Button [PWRF]
[    1.275111] input: Sleep Button as /devices/LNXSYSTM:00/LNXSLPBN:00/input/input1
[    1.277913] ACPI: Sleep Button [SLPF]
[    1.280390] GHES: HEST is not enabled!
[    1.280679] ACPI: Battery Slot [BAT0] (battery present)
[    1.285095] Serial: 8250/16550 driver, 32 ports, IRQ sharing enabled
 	
 !"#$%&'()*+,-./0123456789:;<=>?@ABCDEFGHIJKLMNOPQRSTUVWXYZ[\]^_`abcdefghijklmnopqrstuvwxyz{|}~ÄÅÇÉÑÖÜáàâäãåçéèêëíìîïñóòôöõúùûü†°¢£§•¶ß®©™´¨≠ÆØ∞±≤≥¥µ∂∑∏π∫ªºΩæø¿¡¬√ƒ≈∆«»… ÀÃÕŒœ–—“”‘’÷◊ÿŸ⁄€‹›ﬁﬂ‡·‚„‰ÂÊÁËÈÍÎÏÌÓÔÒÚÛÙıˆ˜¯˘˙˚¸˝˛ˇ[    1.311209] 00:02: ttyS0 at I/O 0x3f8 (irq = 4, base_baud = 115200) is a 16550A
[    1.321937] Linux agpgart interface v0.103
[    1.329496] loop: module loaded
[    1.331992] scsi host0: ata_piix
[    1.333465] scsi host1: ata_piix
[    1.335037] ata1: PATA max UDMA/33 cmd 0x1f0 ctl 0x3f6 bmdma 0xd000 irq 14
[    1.338198] ata2: PATA max UDMA/33 cmd 0x170 ctl 0x376 bmdma 0xd008 irq 15
[    1.341525] libphy: Fixed MDIO Bus: probed
[    1.343643] tun: Universal TUN/TAP device driver, 1.6
[    1.345607] tun: (C) 1999-2004 Max Krasnyansky <maxk@qualcomm.com>
[    1.347996] PPP generic driver version 2.4.2
[    1.349953] ehci_hcd: USB 2.0 'Enhanced' Host Controller (EHCI) Driver
[    1.352347] ehci-pci: EHCI PCI platform driver
[    1.354203] ehci-platform: EHCI generic platform driver
[    1.356185] ohci_hcd: USB 1.1 'Open' Host Controller (OHCI) Driver
[    1.358469] ohci-pci: OHCI PCI platform driver
[    1.360669] ohci-platform: OHCI generic platform driver
[    1.363406] uhci_hcd: USB Universal Host Controller Interface driver
[    1.366427] i8042: PNP: PS/2 Controller [PNP0303:PS2K,PNP0f03:PS2M] at 0x60,0x64 irq 1,12
[    1.371132] serio: i8042 KBD port at 0x60,0x64 irq 1
[    1.373540] serio: i8042 AUX port at 0x60,0x64 irq 12
[    1.376275] mousedev: PS/2 mouse device common for all mice
[    1.378901] input: AT Translated Set 2 keyboard as /devices/platform/i8042/serio0/input/input2
[    1.382016] rtc_cmos rtc_cmos: rtc core: registered rtc_cmos as rtc0
[    1.384262] rtc_cmos rtc_cmos: alarms up to one day, 114 bytes nvram
[    1.386199] i2c /dev entries driver
[    1.387467] device-mapper: uevent: version 1.0.3
[    1.389397] device-mapper: ioctl: 4.34.0-ioctl (2015-10-28) initialised: dm-devel@redhat.com
[    1.393397] ledtrig-cpu: registered to indicate activity on CPUs
[    1.396753] NET: Registered protocol family 10
[    1.399402] NET: Registered protocol family 17
[    1.401193] Key type dns_resolver registered
[    1.403308] registered taskstats version 1
[    1.405622] Loading compiled-in X.509 certificates
[    1.408604] Loaded X.509 cert 'Build time autogenerated kernel key: 766cb56454e39ea623681e1efb4bf4db48a2396c'
[    1.412747] zswap: loaded using pool lzo/zbud
[    1.418043] Key type trusted registered
[    1.424436] Key type encrypted registered
[    1.426031] AppArmor: AppArmor sha1 policy hashing enabled
[    1.428000] ima: No TPM chip found, activating TPM-bypass!
[    1.429905] ima: Allocated hash algorithm: sha1
[    1.432262] evm: HMAC attrs: 0x1
[    1.434711]   Magic number: 15:938:923
[    1.436227] rtc_cmos rtc_cmos: setting system clock to 2019-04-19 06:54:25 UTC (1555656865)
[    1.439795] BIOS EDD facility v0.16 2004-Jun-25, 0 devices found
[    1.442567] EDD information not available.
[    1.499236] Freeing unused kernel memory: 1484K
[    1.501512] Write protecting the kernel read-only data: 14336k
[    1.505077] Freeing unused kernel memory: 1620K
[    1.507792] Freeing unused kernel memory: 88K
Loading, please wait...
starting version 229
[    1.526912] random: systemd-udevd: uninitialized urandom read (16 bytes read, 3 bits of entropy available)
[    1.527933] random: udevadm: uninitialized urandom read (16 bytes read, 3 bits of entropy available)
[    1.527963] random: udevadm: uninitialized urandom read (16 bytes read, 3 bits of entropy available)
[    1.539324] random: systemd-udevd: uninitialized urandom read (16 bytes read, 3 bits of entropy available)
[    1.543161] random: udevadm: uninitialized urandom read (16 bytes read, 3 bits of entropy available)
[    1.543221] random: udevadm: uninitialized urandom read (16 bytes read, 3 bits of entropy available)
[    1.543427] random: udevadm: uninitialized urandom read (16 bytes read, 3 bits of entropy available)
[    1.543499] random: udevadm: uninitialized urandom read (16 bytes read, 3 bits of entropy available)
[    1.543571] random: udevadm: uninitialized urandom read (16 bytes read, 3 bits of entropy available)
[    1.543644] random: udevadm: uninitialized urandom read (16 bytes read, 3 bits of entropy available)
[    1.618212] e1000: Intel(R) PRO/1000 Network Driver - version 7.3.21-k8-NAPI
[    1.621587] e1000: Copyright (c) 1999-2006 Intel Corporation.
[    1.629660] Fusion MPT base driver 3.04.20
[    1.631753] Copyright (c) 1999-2008 LSI Corporation
[    1.647510] Fusion MPT SPI Host driver 3.04.20
[    1.653177] AVX2 version of gcm_enc/dec engaged.
[    1.655580] AES CTR mode by8 optimization enabled
[    1.829042] input: ImExPS/2 Generic Explorer Mouse as /devices/platform/i8042/serio1/input/input4
[    2.066175] e1000 0000:00:03.0 eth0: (PCI:33MHz:32-bit) 02:9c:d2:53:c1:d1
[    2.068318] e1000 0000:00:03.0 eth0: Intel(R) PRO/1000 Network Connection
[    2.071407] mptbase: ioc0: Initiating bringup
[    2.270826] tsc: Refined TSC clocksource calibration: 1800.024 MHz
[    2.272763] clocksource: tsc: mask: 0xffffffffffffffff max_cycles: 0x19f2405648c, max_idle_ns: 440795260530 ns
[    2.287671] ioc0: LSI53C1030 A0: Capabilities={Initiator}
[    3.320759] scsi host2: ioc0: LSI53C1030 A0, FwRev=00000000h, Ports=1, MaxQ=256, IRQ=20
[    3.736973] scsi 2:0:0:0: Direct-Access     VBOX     HARDDISK         1.0  PQ: 0 ANSI: 5
[    3.739943] scsi target2:0:0: Beginning Domain Validation
[    3.745019] scsi target2:0:0: Domain Validation skipping write tests
[    3.746603] scsi target2:0:0: Ending Domain Validation
[    3.748021] scsi target2:0:0: asynchronous
[    3.749904] scsi 2:0:1:0: Direct-Access     VBOX     HARDDISK         1.0  PQ: 0 ANSI: 5
[    3.753337] scsi target2:0:1: Beginning Domain Validation
[    3.758725] scsi target2:0:1: Domain Validation skipping write tests
[    3.760298] scsi target2:0:1: Ending Domain Validation
[    3.761817] scsi target2:0:1: asynchronous
[    3.781436] sd 2:0:0:0: Attached scsi generic sg0 type 0
[    3.783906] sd 2:0:0:0: [sda] 20971520 512-byte logical blocks: (10.7 GB/10.0 GiB)
[    3.806490] sd 2:0:1:0: Attached scsi generic sg1 type 0
[    3.808722] sd 2:0:1:0: [sdb] 20480 512-byte logical blocks: (10.5 MB/10.0 MiB)
[    3.811385] sd 2:0:0:0: [sda] Write Protect is off
[    3.812939] sd 2:0:1:0: [sdb] Write Protect is off
[    3.814755] sd 2:0:0:0: [sda] Incomplete mode parameter data
[    3.816388] sd 2:0:0:0: [sda] Assuming drive cache: write through
[    3.818243] sd 2:0:1:0: [sdb] Incomplete mode parameter data
[    3.820775] sd 2:0:1:0: [sdb] Assuming drive cache: write through
[    3.855470]  sda: sda1
[    3.858148] sd 2:0:0:0: [sda] Attached SCSI disk
[    3.899563] sd 2:0:1:0: [sdb] Attached SCSI disk
[    4.148205] e1000 0000:00:08.0 eth1: (PCI:33MHz:32-bit) 08:00:27:1e:72:9f
[    4.150106] e1000 0000:00:08.0 eth1: Intel(R) PRO/1000 Network Connection
[    4.153125] e1000 0000:00:03.0 enp0s3: renamed from eth0
[    4.173018] e1000 0000:00:08.0 enp0s8: renamed from eth1
Begin: Loading essential drivers ... [    5.914548] md: linear personality registered for level -1
[    5.919419] md: multipath personality registered for level -4
[    5.924206] md: raid0 personality registered for level 0
[    5.930736] md: raid1 personality registered for level 1
[    6.005061] raid6: sse2x1   gen()  8273 MB/s
[    6.072429] raid6: sse2x1   xor()  5807 MB/s
[    6.140700] raid6: sse2x2   gen()  9568 MB/s
[    6.208605] raid6: sse2x2   xor()  7000 MB/s
[    6.276558] raid6: sse2x4   gen()  9028 MB/s
[    6.344465] raid6: sse2x4   xor()  7536 MB/s
[    6.412413] raid6: avx2x1   gen() 15816 MB/s
[    6.480340] raid6: avx2x2   gen() 17143 MB/s
[    6.548404] raid6: avx2x4   gen() 16936 MB/s
[    6.549990] raid6: using algorithm avx2x2 gen() 17143 MB/s
[    6.551849] raid6: using avx2x2 recovery algorithm
[    6.555325] xor: automatically using best checksumming function:
[    6.596696]    avx       : 17021.000 MB/sec
[    6.599911] async_tx: api initialized (async)
[    6.614861] md: raid6 personality registered for level 6
[    6.617473] md: raid5 personality registered for level 5
[    6.619055] md: raid4 personality registered for level 4
[    6.629083] md: raid10 personality registered for level 10
done.
Begin: Running /scripts/init-premount ... done.
Begin: Mounting root file system ... Begin: Running /scripts/local-top ... done.
Begin: Running /scripts/local-premount ... [    6.671361] Btrfs loaded
Scanning for Btrfs filesystems
done.
Warning: fsck not present, so skipping root file system
[    6.981747] EXT4-fs (sda1): mounted filesystem with ordered data mode. Opts: (null)
done.
Begin: Running /scripts/local-bottom ... done.
Begin: Running /scripts/init-bottom ... [    7.267794] random: nonblocking pool is initialized
done.
[   11.000635] systemd[1]: systemd 229 running in system mode. (+PAM +AUDIT +SELINUX +IMA +APPARMOR +SMACK +SYSVINIT +UTMP +LIBCRYPTSETUP +GCRYPT +GNUTLS +ACL +XZ -LZ4 +SECCOMP +BLKID +ELFUTILS +KMOD -IDN)
[   11.006055] systemd[1]: Detected virtualization oracle.
[   11.007509] systemd[1]: Detected architecture x86-64.

Welcome to [1mUbuntu 16.04.6 LTS[0m!

[   11.053604] systemd[1]: Set hostname to <ubuntu-xenial>.
[   15.986894] systemd[1]: Reached target User and Group Name Lookups.
[[0;32m  OK  [0m] Reached target User and Group Name Lookups.
[   15.989906] systemd[1]: Listening on Journal Audit Socket.
[[0;32m  OK  [0m] Listening on Journal Audit Socket.
[   15.996678] systemd[1]: Listening on LVM2 poll daemon socket.
[[0;32m  OK  [0m] Listening on LVM2 poll daemon socket.
[   15.999368] systemd[1]: Listening on LVM2 metadata daemon socket.
[[0;32m  OK  [0m] Listening on LVM2 metadata daemon socket.
[   16.001984] systemd[1]: Listening on udev Kernel Socket.
[[0;32m  OK  [0m] Listening on udev Kernel Socket.
[   16.012964] systemd[1]: Listening on Device-mapper event daemon FIFOs.
[[0;32m  OK  [0m] Listening on Device-mapper event daemon FIFOs.
[   16.017244] systemd[1]: Started Trigger resolvconf update for networkd DNS.
[[0;32m  OK  [0m] Started Trigger resolvconf update for networkd DNS.
[   16.020735] systemd[1]: Listening on Journal Socket.
[[0;32m  OK  [0m] Listening on Journal Socket.
[   16.023595] systemd[1]: Reached target System Time Synchronized.
[[0;32m  OK  [0m] Reached target System Time Synchronized.
[   16.033645] systemd[1]: Created slice System Slice.
[[0;32m  OK  [0m] Created slice System Slice.
[   16.048921] systemd[1]: Starting Uncomplicated firewall...
         Starting Uncomplicated firewall...
[   16.052339] systemd[1]: Starting Create list of required static device nodes for the current kernel...
         Starting Create list of required st... nodes for the current kernel...
[   16.224571] systemd[1]: Starting Load Kernel Modules...
         Starting Load Kernel Modules...
[   16.227835] systemd[1]: Mounting POSIX Message Queue File System...
         Mounting POSIX Message Queue File System...
[   16.231284] systemd[1]: Starting Remount Root and Kernel File Systems...
         Starting Remount Root and Kernel File Systems...
[   16.235173] systemd[1]: Started Forward Password Requests to Wall Directory Watch.
[[0;32m  OK  [0m] Started Forward Password Requests to Wall Directory Watch.
[   16.249461] systemd[1]: Created slice User and Session Slice.
[[0;32m  OK  [0m] Created slice User and Session Slice.
[   16.252891] systemd[1]: Starting Set console keymap...
         Starting Set console keymap...
[   16.261026] systemd[1]: Listening on /dev/initctl Compatibility Named Pipe.
[[0;32m  OK  [0m] Listening on /dev/initctl Compatibility Named Pipe.
[   16.264634] systemd[1]: Created slice system-serial\x2dgetty.slice.
[[0;32m  OK  [0m] Created slice system-serial\x2dgetty.slice.
[   16.272580] systemd[1]: Listening on udev Control Socket.
[[0;32m  OK  [0m] Listening on udev Control Socket.
[   16.281362] systemd[1]: Listening on Syslog Socket.
[[0;32m  OK  [0m] Listening on Syslog Socket.
[   16.289154] systemd[1]: Reached target Swap.
[[0;32m  OK  [0m] Reached target Swap.
[   16.291460] systemd[1]: Set up automount Arbitrary Executable File Formats File System Automount Point.
[[0;32m  OK  [0m] Set up automount Arbitrary Executab...ats File System Automount Point.
[   16.389724] systemd[1]: Reached target Encrypted Volumes.
[[0;32m  OK  [0m] Reached target Encrypted Volumes.
[   16.396568] systemd[1]: Listening on Journal Socket (/dev/log).
[[0;32m  OK  [0m] Listening on Journal Socket (/dev/log).
[   16.413118] systemd[1]: Starting Journal Service...
         Starting Journal Service...
[   16.416961] systemd[1]: Mounting Huge Pages File System...
         Mounting Huge Pages File System...
[   16.424812] systemd[1]: Reached target Slices.
[[0;32m  OK  [0m] Reached target Slices.
[   16.427972] systemd[1]: Starting Nameserver information manager...
         Starting Nameserver information manager...
[   16.431868] systemd[1]: Starting Monitoring of LVM2 mirrors, snapshots etc. using dmeventd or progress polling...
         Starting Monitoring of LVM2 mirrors... dmeventd or progress polling...
[   16.437152] systemd[1]: Mounting Debug File System...
         Mounting Debug File System...
[   16.441909] systemd[1]: Started Uncomplicated firewall.
[[0;32m  OK  [0m] Started Uncomplicated firewall.
[   16.445375] systemd[1]: Started Create list of required static device nodes for the current kernel.
[[0;32m  OK  [0m] Started Create list of required sta...ce nodes for the current kernel.
[   16.493027] systemd[1]: Starting Create Static Device Nodes in /dev...
         Starting Create Static Device Nodes in /dev...
[   16.707806] Loading iSCSI transport class v2.0-870.
[   16.905588] EXT4-fs (sda1): re-mounted. Opts: (null)
[   16.908512] systemd[1]: Mounted Debug File System.
[[0;32m  OK  [0m] Mounted Debug File System.
[   16.911759] systemd[1]: Mounted Huge Pages File System.
[[0;32m  OK  [0m] Mounted Huge Pages File System.
[   16.921371] systemd[1]: Mounted POSIX Message Queue File System.
[[0;32m  OK  [0m] Mounted POSIX Message Queue File System.
[   16.925446] systemd[1]: Started Remount Root and Kernel File Systems.
[[0;32m  OK  [0m] Started Remount Root and Kernel File Systems.
[   16.960169] systemd[1]: Starting Load/Save Random Seed...
         Starting Load/Save Random Seed...
[   17.073524] iscsi: registered transport (tcp)
[   17.116657] systemd[1]: Starting udev Coldplug all Devices...
         Starting udev Coldplug all Devices...
[   17.120296] systemd[1]: Started Nameserver information manager.
[[0;32m  OK  [0m] Started Nameserver information manager.
[   17.676201] systemd[1]: Started Load/Save Random Seed.
[[0;32m  OK  [0m] Started Load/Save Random Seed.
[   17.716235] systemd[1]: Started Journal Service.
[[0;32m  OK  [0m] Started Journal Service.
         Starting Flush Journal to Persistent Storage...
[[0;32m  OK  [0m] Started Set console keymap.
[[0;32m  OK  [0m] Started udev Coldplug all Devices.
[   17.991629] systemd-journald[405]: Received request to flush runtime journal from PID 1
[[0;32m  OK  [0m] Started Flush Journal to Persistent Storage.
[[0;32m  OK  [0m] Started LVM2 metadata daemon.
[   18.144842] iscsi: registered transport (iser)
[[0;32m  OK  [0m] Started Load Kernel Modules.
         Starting Apply Kernel Variables...
         Mounting FUSE Control File System...
[[0;32m  OK  [0m] Mounted FUSE Control File System.
[[0;32m  OK  [0m] Started Apply Kernel Variables.
[[0;32m  OK  [0m] Started Monitoring of LVM2 mirrors,...ng dmeventd or progress polling.
[[0;32m  OK  [0m] Started Create Static Device Nodes in /dev.
         Starting udev Kernel Device Manager...
[[0;32m  OK  [0m] Reached target Local File Systems (Pre).
[[0;32m  OK  [0m] Reached target Local File Systems.
         Starting Set console font and keymap...
         Starting LSB: AppArmor initialization...
         Starting Initial cloud-init job (pre-networking)...
         Starting Tell Plymouth To Write Out Runtime Data...
         Starting Create Volatile Files and Directories...
[[0;32m  OK  [0m] Started Tell Plymouth To Write Out Runtime Data.
[[0;32m  OK  [0m] Started Create Volatile Files and Directories.
         Starting Update UTMP about System Boot/Shutdown...
[[0;32m  OK  [0m] Started Update UTMP about System Boot/Shutdown.
[[0;32m  OK  [0m] Started Set console font and keymap.
[[0;32m  OK  [0m] Created slice system-getty.slice.
[[0;32m  OK  [0m] Started udev Kernel Device Manager.
[[0;32m  OK  [0m] Started Dispatch Password Requests to Console Directory Watch.
[[0;32m  OK  [0m] Found device /dev/ttyS0.
[[0;32m  OK  [0m] Listening on Load/Save RF Kill Switch Status /dev/rfkill Watch.
[[0;32m  OK  [0m] Found device 82540EM Gigabit Ethern...r (PRO/1000 MT Desktop Adapter).
[[0;32m  OK  [0m] Found device 82540EM Gigabit Ethern...r (PRO/1000 MT Desktop Adapter).
[[0;32m  OK  [0m] Started LSB: AppArmor initialization.
[   31.197686] cloud-init[487]: Cloud-init v. 18.5-45-g3554ffe8-0ubuntu1~16.04.1 running 'init-local' at Fri, 19 Apr 2019 06:54:54 +0000. Up 29.73 seconds.
[[0;32m  OK  [0m] Started Initial cloud-init job (pre-networking).
[[0;32m  OK  [0m] Reached target Network (Pre).
[[0;32m  OK  [0m] Started ifup for enp0s8.
         Starting Raise network interfaces...
[[0;32m  OK  [0m] Started ifup for enp0s3.
[[0;32m  OK  [0m] Started Raise network interfaces.
         Starting Initial cloud-init job (metadata service crawler)...
[[0;32m  OK  [0m] Reached target Network.
[   34.322295] cloud-init[1087]: Cloud-init v. 18.5-45-g3554ffe8-0ubuntu1~16.04.1 running 'init' at Fri, 19 Apr 2019 06:54:57 +0000. Up 32.57 seconds.
[   34.326262] cloud-init[1087]: ci-info: ++++++++++++++++++++++++++++++++++++++Net device info+++++++++++++++++++++++++++++++++++++++
[   34.330503] cloud-init[1087]: ci-info: +--------+------+-----------------------------+---------------+--------+-------------------+
[   34.334471] cloud-init[1087]: ci-info: | Device |  Up  |           Address           |      Mask     | Scope  |     Hw-Address    |
[   34.338765] cloud-init[1087]: ci-info: +--------+------+-----------------------------+---------------+--------+-------------------+
[   34.343741] cloud-init[1087]: ci-info: | enp0s3 | True |          10.0.2.15          | 255.255.255.0 | global | 02:9c:d2:53:c1:d1 |
[   34.348303] cloud-init[1087]: ci-info: | enp0s3 | True |  fe80::9c:d2ff:fe53:c1d1/64 |       .       |  link  | 02:9c:d2:53:c1:d1 |
[   34.352971] cloud-init[1087]: ci-info: | enp0s8 | True |        192.168.33.10        | 255.255.255.0 | global | 08:00:27:1e:72:9f |
[   34.357199] cloud-init[1087]: ci-info: | enp0s8 | True | fe80::a00:27ff:fe1e:729f/64 |       .       |  link  | 08:00:27:1e:72:9f |
[   34.361339] cloud-init[1087]: ci-info: |   lo   | True |          127.0.0.1          |   255.0.0.0   |  host  |         .         |
[   34.365837] cloud-init[1087]: ci-info: |   lo   | True |           ::1/128           |       .       |  host  |         .         |
[   34.370917] cloud-init[1087]: ci-info: +--------+------+-----------------------------+---------------+--------+-------------------+
[   34.375966] cloud-init[1087]: ci-info: ++++++++++++++++++++++++++++Route IPv4 info++++++++++++++++++++++++++++
[   34.380542] cloud-init[1087]: ci-info: +-------+--------------+----------+---------------+-----------+-------+
[   34.384207] cloud-init[1087]: ci-info: | Route | Destination  | Gateway  |    Genmask    | Interface | Flags |
[   34.387435] cloud-init[1087]: ci-info: +-------+--------------+----------+---------------+-----------+-------+
[   34.391145] cloud-init[1087]: ci-info: |   0   |   0.0.0.0    | 10.0.2.2 |    0.0.0.0    |   enp0s3  |   UG  |
[   34.394793] cloud-init[1087]: ci-info: |   1   |   10.0.2.0   | 0.0.0.0  | 255.255.255.0 |   enp0s3  |   U   |
[   34.398242] cloud-init[[0;32m  OK  [0m] Started Initial cloud-init job (metadata service crawler).
[[0;32m  OK  [0m] Reached target System Initialization.
[1087]: ci-info: |   2   | 192.168.33.0 | 0.0.0.0  | 255.255.255.0 |   enp0s8  |   U   |
[   34.404674] cloud-init[1087]: ci-info: +-------+--------------+----------+---------------+-----------+-------+
[   34.407325] cloud-init[1087]: ci-info: +++++++++++++++++++Route IPv6 info+++++++++++++++++++
[   34.410280] cloud-init[1087]: ci-info: +-------+-------------+---------+-----------+-------+
[   34.413192] [[0;32m  OK  [0m] Started Daily apt download activities.
[[0;32m  OK  [0m] Listening on D-Bus System Message Bus Socket.
[[0;32m  OK  [0m] Listening on ACPID Listen Socket.
[[0;32m  OK  [0m] Started Daily apt upgrade and clean activities.
[[0;32m  OK  [0m] Listening on UUID daemon activation socket.
cloud-init[1087]: ci-info: | Route | Destination | Gateway | Interface | Flags |
[   34.422583] cloud-init[1087]: ci-info: +-------+-------------+---------+-----------+-------+
[   34.425373] cloud-init[1087]: ci-info: |   0   |  fe80::/64  |    ::   |   enp0s8  |   U   |
[   34.428057] cloud-init[1087]: ci-info: |   1   |  fe80::/64  |    ::   |   enp0s3  |   U   |
[   34.430831]          Starting LXD - unix socket.
[[0;32m  OK  [0m] Started Daily Cleanup of Temporary Directories.
[[0;32m  OK  [0m] Reached target Timers.
         Starting Socket activation for snappy daemon.
cloud-init[1087]: ci-info: |   5   |   ff00::/8  |    ::   |   enp0s8  |   U   |
[   34.437987] cloud-init[1087]: ci-info: |   6   |   ff00::/8  |    ::   |   enp0s3  |   U   |
[   34.440694] cloud-init[1087]: ci-info: +-------+-------------+---------+-----------+-------+
[[0;32m  OK  [0m] Started ACPI Events Check.
[[0;32m  OK  [0m] Reached target Paths.
[[0;32m  OK  [0m] Reached target Network is Online.
         Starting iSCSI initiator daemon (iscsid)...
[[0;32m  OK  [0m] Reached target Cloud-config availability.
[[0;32m  OK  [0m] Listening on LXD - unix socket.
[[0;32m  OK  [0m] Listening on Socket activation for snappy daemon.
[[0;32m  OK  [0m] Reached target Sockets.
[[0;32m  OK  [0m] Reached target Basic System.
         Starting System Logging Service...
[[0;32m  OK  [0m] Started Deferred execution scheduler.
         Starting Snappy daemon...
         Starting OpenBSD Secure Shell server...
         Starting Accounts Service...
         Starting LSB: MD monitoring daemon...
[[0;32m  OK  [0m] Started Regular background program processing daemon.
[[0;32m  OK  [0m] Started FUSE filesystem for LXC.
         Starting MySQL Community Server...
[[0;32m  OK  [0m] Started ACPI event daemon.
[[0;32m  OK  [0m] Started D-Bus System Message Bus.
[[0;32m  OK  [0m] Started Unattended Upgrades Shutdown.
         Starting LSB: Record successful boot for GRUB...
         Starting vboxadd.service...
         Starting /etc/rc.local Compatibility...
         Starting Login Service...
         Starting LXD - container startup/shutdown...
[[0;32m  OK  [0m] Started System Logging Service.
[[0;32m  OK  [0m] Started OpenBSD Secure Shell server.
[[0;32m  OK  [0m] Started /etc/rc.local Compatibility.
[[0;32m  OK  [0m] Started Login Service.
[[0;32m  OK  [0m] Started iSCSI initiator daemon (iscsid).
         Starting Login to default iSCSI targets...
[[0;32m  OK  [0m] Started LSB: Record successful boot for GRUB.
[[0;32m  OK  [0m] Started LSB: MD monitoring daemon.
         Starting Authenticate and Authorize Users to Run Privileged Tasks...
[[0;32m  OK  [0m] Started Login to default iSCSI targets.
[[0;32m  OK  [0m] Reached target Remote File Systems (Pre).
[[0;32m  OK  [0m] Reached target Remote File Systems.
         Starting Permit User Sessions...
         Starting LSB: Set the CPU Frequency Scaling governor to "ondemand"...
         Starting LSB: Apache2 web server...
         Starting LSB: automatic crash report generation...
         Starting LSB: daemon to balance interrupts for SMP systems...
[[0;32m  OK  [0m] Started LSB: Set the CPU Frequency Scaling governor to "ondemand".
[[0;32m  OK  [0m] Started Permit User Sessions.
         Starting Hold until boot process finishes up...
         Starting Terminate Plymouth Boot Screen...
[[0;32m  OK  [0m] Started Hold until boot process finishes up.
[[0;32m  OK  [0m] Started Terminate Plymouth Boot Screen.
[[0;32m  OK  [0m] Started Getty on tty1.
[[0;32m  OK  [0m] Started Serial Getty on ttyS0.
[[0;32m  OK  [0m] Reached target Login Prompts.
         Starting Set console scheme...
[[0;32m  OK  [0m] Started LSB: daemon to balance interrupts for SMP systems.
[[0;32m  OK  [0m] Started Set console scheme.
[[0;32m  OK  [0m] Started LSB: automatic crash report generation.
[[0;32m  OK  [0m] Started Authenticate and Authorize Users to Run Privileged Tasks.
[[0;32m  OK  [0m] Started Accounts Service.
[[0;32m  OK  [0m] Created slice User Slice of vagrant.
         Starting User Manager for UID 1000...
[[0;32m  OK  [0m] Started Session 1 of user vagrant.
[[0;32m  OK  [0m] Started User Manager for UID 1000.
[[0;32m  OK  [0m] Started Snappy daemon.
         Starting Wait until snapd is fully seeded...
[[0;32m  OK  [0m] Started Wait until snapd is fully seeded.
         Starting Apply the settings specified in cloud-config...

Ubuntu 16.04.6 LTS ubuntu-xenial ttyS0

ubuntu-xenial login: [   49.927596] cloud-init[1398]: Cloud-init v. 18.5-45-g3554ffe8-0ubuntu1~16.04.1 running 'modules:config' at Fri, 19 Apr 2019 06:55:12 +0000. Up 48.13 seconds.
[   90.126968] cloud-init[2838]: Cloud-init v. 18.5-45-g3554ffe8-0ubuntu1~16.04.1 running 'modules:final' at Fri, 19 Apr 2019 06:55:54 +0000. Up 89.63 seconds.
[   90.127390] cloud-init[2838]: Cloud-init v. 18.5-45-g3554ffe8-0ubuntu1~16.04.1 finished at Fri, 19 Apr 2019 06:55:54 +0000. Datasource DataSourceNoCloud [seed=/dev/sdb][dsmode=net].  Up 90.11 seconds
